MPLINK 4.49, Linker
Linker Map File - Created Thu Aug 31 14:35:07 2023

                                 Section Info
                  Section       Type    Address   Location Size(Bytes)
                ---------  ---------  ---------  ---------  ---------
                   .org_0       code   0x000000    program   0x000000
                   .org_1       code   0x000000    program   0x00003c
      .config_2007_MAIN.O       code   0x002007    program   0x000002



                              Program Memory Usage 
                               Start         End      
                           ---------   ---------      
                            0x000000    0x00001d      
                            0x002007    0x002007      
            31 out of 8455 program addresses used, program memory utilization is 0%



                              Symbols - Sorted by Name
                     Name    Address   Location    Storage File                     
                ---------  ---------  ---------  --------- ---------                
            CONFIGURACION   0x000000    program     static C:\micros\practica02\main.asm
                  ESIGUAL   0x00001b    program     static C:\micros\practica02\main.asm
                  ESMAYOR   0x000015    program     static C:\micros\practica02\main.asm
                  ESMENOR   0x000018    program     static C:\micros\practica02\main.asm
                PRINCIPAL   0x00000e    program     static C:\micros\practica02\main.asm



                              Symbols - Sorted by Address
                     Name    Address   Location    Storage File                     
                ---------  ---------  ---------  --------- ---------                
            CONFIGURACION   0x000000    program     static C:\micros\practica02\main.asm
                PRINCIPAL   0x00000e    program     static C:\micros\practica02\main.asm
                  ESMAYOR   0x000015    program     static C:\micros\practica02\main.asm
                  ESMENOR   0x000018    program     static C:\micros\practica02\main.asm
                  ESIGUAL   0x00001b    program     static C:\micros\practica02\main.asm


